u'ab\uef63d\uef7eef\uef7e\uef67h\uef7e\uef7eij'
u'kl\uef2d\uef6dn\uef2d\uef2d\uef6fp\uef2d\uef2d\uef2d\uef71r\xa0'
u'stuv\\wx'
u'yz\uef5c'
u'ab'
u'ab\\\\'
u'cd'
u'ef\\\\gh'
